I'm sorry, but errors were detected in your script. Please correct the
errors listed below, and try again.


File "game/intro.rpy", line 144: end of line expected.
    y "I'm " + playerName + ". I was at a rush event three years ago."
             ^

Ren'Py Version: Ren'Py 8.0.3.22090809
Wed May 24 23:26:59 2023
